STIXTBd STIXTwoText-Bold "AutoEnc_5escoz7zzymryrxdmao7z3ezuc ReEncodeFont" <[a_5escoz.enc <STIXTwoText-Bold.pfb
STIXTIt STIXTwoText-Italic "AutoEnc_5escoz7zzymryrxdmao7z3ezuc ReEncodeFont" <[a_5escoz.enc <STIXTwoText-Italic.pfb
STIXTReg STIXTwoText "AutoEnc_5escoz7zzymryrxdmao7z3ezuc ReEncodeFont" <[a_5escoz.enc <STIXTwoText.pfb
STIXTBIt STIXTwoText-BoldItalic "AutoEnc_5escoz7zzymryrxdmao7z3ezuc ReEncodeFont" <[a_5escoz.enc <STIXTwoText-BoldItalic.pfb
STIXTSCb STIXTwoText-Bold "AutoEnc_iq7a6x4zj53yykai254lxpwg3g ReEncodeFont" <[a_iq7a6x.enc <STIXTwoText-Bold.pfb
STIXTSCi STIXTwoText-Italic "AutoEnc_iq7a6x4zj53yykai254lxpwg3g ReEncodeFont" <[a_iq7a6x.enc <STIXTwoText-Italic.pfb
STIXTSCr STIXTwoText "AutoEnc_iq7a6x4zj53yykai254lxpwg3g ReEncodeFont" <[a_iq7a6x.enc <STIXTwoText.pfb
STIXTSbi STIXTwoText-BoldItalic "AutoEnc_iq7a6x4zj53yykai254lxpwg3g ReEncodeFont" <[a_iq7a6x.enc <STIXTwoText-BoldItalic.pfb
StBdTone STIXTwoText-Bold "AutoEnc_5escoz7zzymryrxdmao7z3ezuc ReEncodeFont" <[a_5escoz.enc <STIXTwoText-Bold.pfb
StItTone STIXTwoText-Italic "AutoEnc_5escoz7zzymryrxdmao7z3ezuc ReEncodeFont" <[a_5escoz.enc <STIXTwoText-Italic.pfb
StReTone STIXTwoText "AutoEnc_5escoz7zzymryrxdmao7z3ezuc ReEncodeFont" <[a_5escoz.enc <STIXTwoText.pfb
StBITone STIXTwoText-BoldItalic "AutoEnc_5escoz7zzymryrxdmao7z3ezuc ReEncodeFont" <[a_5escoz.enc <STIXTwoText-BoldItalic.pfb
StBdTtwo STIXTwoText-Bold "AutoEnc_5escoz7zzymryrxdmao7z3ezuc ReEncodeFont" <[a_5escoz.enc <STIXTwoText-Bold.pfb
StItTtwo STIXTwoText-Italic "AutoEnc_5escoz7zzymryrxdmao7z3ezuc ReEncodeFont" <[a_5escoz.enc <STIXTwoText-Italic.pfb
StReTtwo STIXTwoText "AutoEnc_5escoz7zzymryrxdmao7z3ezuc ReEncodeFont" <[a_5escoz.enc <STIXTwoText.pfb
StBITtwo STIXTwoText-BoldItalic "AutoEnc_5escoz7zzymryrxdmao7z3ezuc ReEncodeFont" <[a_5escoz.enc <STIXTwoText-BoldItalic.pfb
StixTMth STIXTwoMath "AutoEnc_c564excmjujtdcl5qkzes2tm6h ReEncodeFont" <[a_c564ex.enc <STIXTwoMath.pfb